[punch-debug] emp=2220 day=1 schedule=HORARIO NORMAL
[punch-debug] emp=2220 day=2 schedule=HORARIO NORMAL
[punch-debug] emp=2220 day=2 ev=J2_out ev_dt=2026-02-02 18:00:00 best_dt=2026-02-02 19:33:53 diff_s=5633.0 reason=after best_raw={'time': '19:33', 'device': 'HALL', 'dt': datetime.datetime(2026, 2, 2, 19, 33, 53), 'dt_norm': datetime.datetime(2026, 2, 2, 19, 33, 53), 'matched_event': 'J2_out', 'matched_event_dt': datetime.datetime(2026, 2, 2, 18, 0), 'assigned': True, 'match_reason': 'after'}
[punch-debug] emp=2220 day=2 ev=J2_out result_row_class=
[punch-debug] emp=2220 day=3 schedule=HORARIO NORMAL
[punch-debug] emp=2220 day=3 ev=J2_out ev_dt=2026-02-03 18:00:00 best_dt=2026-02-03 20:35:40 diff_s=9340.0 reason=after,far best_raw={'time': '20:35', 'device': '08 Garita', 'dt': datetime.datetime(2026, 2, 3, 20, 35, 40), 'dt_norm': datetime.datetime(2026, 2, 3, 20, 35, 40), 'matched_event': 'J2_out', 'matched_event_dt': datetime.datetime(2026, 2, 3, 18, 0), 'assigned': True, 'match_reason': 'after,far'}
[punch-debug] emp=2220 day=3 ev=J2_out result_row_class=
[punch-debug] emp=2220 day=4 schedule=HORARIO NORMAL
[punch-debug] emp=2220 day=4 ev=J2_out ev_dt=2026-02-04 18:00:00 best_dt=2026-02-04 18:08:34 diff_s=514.0 reason=after best_raw={'time': '18:08', 'device': 'HALL', 'dt': datetime.datetime(2026, 2, 4, 18, 8, 34), 'dt_norm': datetime.datetime(2026, 2, 4, 18, 8, 34), 'matched_event': 'J2_out', 'matched_event_dt': datetime.datetime(2026, 2, 4, 18, 0), 'assigned': True, 'match_reason': 'after'}
[punch-debug] emp=2220 day=4 ev=J2_out result_row_class=
[punch-debug] emp=2220 day=5 schedule=HORARIO NORMAL
[punch-debug] emp=2220 day=5 ev=J1_out ev_dt=2026-02-05 13:00:00 best_dt=2026-02-05 13:16:32 diff_s=992.0 reason=after best_raw={'time': '13:16', 'device': 'HALL', 'dt': datetime.datetime(2026, 2, 5, 13, 16, 32), 'dt_norm': datetime.datetime(2026, 2, 5, 13, 16, 32), 'matched_event': 'J1_out', 'matched_event_dt': datetime.datetime(2026, 2, 5, 13, 0), 'assigned': True, 'match_reason': 'after'}
[punch-debug] emp=2220 day=5 ev=J1_out result_row_class=
[punch-debug] emp=2220 day=5 ev=J2_in ev_dt=2026-02-05 15:00:00 best_dt=2026-02-05 15:09:32 diff_s=572.0 reason=after best_raw={'time': '15:09', 'device': 'HALL', 'dt': datetime.datetime(2026, 2, 5, 15, 9, 32), 'dt_norm': datetime.datetime(2026, 2, 5, 15, 9, 32), 'matched_event': 'J2_in', 'matched_event_dt': datetime.datetime(2026, 2, 5, 15, 0), 'assigned': True, 'match_reason': 'after'}
[punch-debug] emp=2220 day=5 ev=J2_in result_row_class=late
[punch-debug] emp=2220 day=5 ev=J2_out ev_dt=2026-02-05 18:00:00 best_dt=2026-02-05 19:21:44 diff_s=4904.0 reason=after best_raw={'time': '19:21', 'device': 'HALL', 'dt': datetime.datetime(2026, 2, 5, 19, 21, 44), 'dt_norm': datetime.datetime(2026, 2, 5, 19, 21, 44), 'matched_event': 'J2_out', 'matched_event_dt': datetime.datetime(2026, 2, 5, 18, 0), 'assigned': True, 'match_reason': 'after'}
[punch-debug] emp=2220 day=5 ev=J2_out result_row_class=
[punch-debug] emp=2220 day=6 schedule=HORARIO NORMAL
[punch-debug] emp=2220 day=7 schedule=HORARIO NORMAL
[punch-debug] emp=2220 day=8 schedule=HORARIO NORMAL
[punch-debug] emp=2220 day=9 schedule=HORARIO NORMAL
[punch-debug] emp=2220 day=9 ev=J2_out ev_dt=2026-02-09 17:00:00 best_dt=2026-02-09 17:50:00 diff_s=3000.0 reason=after best_raw={'time': '17:50', 'device': 'HALL', 'dt': datetime.datetime(2026, 2, 9, 17, 50), 'dt_norm': datetime.datetime(2026, 2, 9, 17, 50), 'matched_event': 'J2_out', 'matched_event_dt': datetime.datetime(2026, 2, 9, 17, 0), 'assigned': True, 'match_reason': 'after'}
[punch-debug] emp=2220 day=9 ev=J2_out result_row_class=
[punch-debug] emp=2220 day=10 schedule=HORARIO NORMAL
[punch-debug] emp=2220 day=10 ev=J2_out ev_dt=2026-02-10 17:00:00 best_dt=2026-02-10 17:18:37 diff_s=1117.0 reason=after best_raw={'time': '17:18', 'device': 'HALL', 'dt': datetime.datetime(2026, 2, 10, 17, 18, 37), 'dt_norm': datetime.datetime(2026, 2, 10, 17, 18, 37), 'matched_event': 'J2_out', 'matched_event_dt': datetime.datetime(2026, 2, 10, 17, 0), 'assigned': True, 'match_reason': 'after'}
[punch-debug] emp=2220 day=10 ev=J2_out result_row_class=
[punch-debug] emp=2220 day=11 schedule=HORARIO NORMAL
[punch-debug] emp=2220 day=11 ev=J2_out ev_dt=2026-02-11 17:00:00 best_dt=2026-02-11 17:12:47 diff_s=767.0 reason=after best_raw={'time': '17:12', 'device': 'HALL', 'dt': datetime.datetime(2026, 2, 11, 17, 12, 47), 'dt_norm': datetime.datetime(2026, 2, 11, 17, 12, 47), 'matched_event': 'J2_out', 'matched_event_dt': datetime.datetime(2026, 2, 11, 17, 0), 'assigned': True, 'match_reason': 'after'}
[punch-debug] emp=2220 day=11 ev=J2_out result_row_class=
[punch-debug] emp=2220 day=12 schedule=HORARIO NORMAL
[punch-debug] emp=2220 day=12 ev=J2_out ev_dt=2026-02-12 17:00:00 best_dt=2026-02-12 18:42:34 diff_s=6154.0 reason=after best_raw={'time': '18:42', 'device': 'HALL', 'dt': datetime.datetime(2026, 2, 12, 18, 42, 34), 'dt_norm': datetime.datetime(2026, 2, 12, 18, 42, 34), 'matched_event': 'J2_out', 'matched_event_dt': datetime.datetime(2026, 2, 12, 17, 0), 'assigned': True, 'match_reason': 'after'}
[punch-debug] emp=2220 day=12 ev=J2_out result_row_class=
[punch-debug] emp=2220 day=13 schedule=HORARIO NORMAL
[punch-debug] emp=2220 day=13 ev=J2_out ev_dt=2026-02-13 17:00:00 best_dt=2026-02-13 19:51:25 diff_s=10285.0 reason=after,far best_raw={'time': '19:51', 'device': 'HALL', 'dt': datetime.datetime(2026, 2, 13, 19, 51, 25), 'dt_norm': datetime.datetime(2026, 2, 13, 19, 51, 25), 'matched_event': 'J2_out', 'matched_event_dt': datetime.datetime(2026, 2, 13, 17, 0), 'assigned': True, 'match_reason': 'after,far'}
[punch-debug] emp=2220 day=13 ev=J2_out result_row_class=
[punch-debug] emp=2220 day=14 schedule=HORARIO NORMAL
[punch-debug] emp=2220 day=15 schedule=HORARIO NORMAL
[punch-debug] emp=2220 day=16 schedule=HORARIO NORMAL
[punch-debug] emp=2220 day=17 schedule=HORARIO NORMAL
[punch-debug] emp=2220 day=18 schedule=HORARIO NORMAL
[punch-debug] emp=2220 day=18 ev=J2_out ev_dt=2026-02-18 17:00:00 best_dt=2026-02-18 17:03:18 diff_s=198.0 reason=after best_raw={'time': '17:03', 'device': 'Alcaldía e', 'dt': datetime.datetime(2026, 2, 18, 17, 3, 18), 'dt_norm': datetime.datetime(2026, 2, 18, 17, 3, 18), 'matched_event': 'J2_out', 'matched_event_dt': datetime.datetime(2026, 2, 18, 17, 0), 'assigned': True, 'match_reason': 'after'}
[punch-debug] emp=2220 day=18 ev=J2_out result_row_class=
[punch-debug] emp=2220 day=19 schedule=HORARIO NORMAL
[punch-debug] emp=2220 day=19 ev=J2_out ev_dt=2026-02-19 17:00:00 best_dt=2026-02-19 17:04:52 diff_s=292.0 reason=after best_raw={'time': '17:04', 'device': 'HALL', 'dt': datetime.datetime(2026, 2, 19, 17, 4, 52), 'dt_norm': datetime.datetime(2026, 2, 19, 17, 4, 52), 'matched_event': 'J2_out', 'matched_event_dt': datetime.datetime(2026, 2, 19, 17, 0), 'assigned': True, 'match_reason': 'after'}
[punch-debug] emp=2220 day=19 ev=J2_out result_row_class=
[punch-debug] emp=2220 day=20 schedule=HORARIO NORMAL
[punch-debug] emp=2220 day=20 ev=J2_out ev_dt=2026-02-20 17:00:00 best_dt=2026-02-20 17:05:45 diff_s=345.0 reason=after best_raw={'time': '17:05', 'device': 'Alcaldía e', 'dt': datetime.datetime(2026, 2, 20, 17, 5, 45), 'dt_norm': datetime.datetime(2026, 2, 20, 17, 5, 45), 'matched_event': 'J2_out', 'matched_event_dt': datetime.datetime(2026, 2, 20, 17, 0), 'assigned': True, 'match_reason': 'after'}
[punch-debug] emp=2220 day=20 ev=J2_out result_row_class=
[punch-debug] emp=2220 day=21 schedule=HORARIO NORMAL
[punch-debug] emp=2220 day=22 schedule=HORARIO NORMAL
[punch-debug] emp=2220 day=23 schedule=HORARIO NORMAL
[punch-debug] emp=2220 day=23 ev=J2_out ev_dt=2026-02-23 17:00:00 best_dt=2026-02-23 17:12:17 diff_s=737.0 reason=after best_raw={'time': '17:12', 'device': 'HALL', 'dt': datetime.datetime(2026, 2, 23, 17, 12, 17), 'dt_norm': datetime.datetime(2026, 2, 23, 17, 12, 17), 'matched_event': 'J2_out', 'matched_event_dt': datetime.datetime(2026, 2, 23, 17, 0), 'assigned': True, 'match_reason': 'after'}
[punch-debug] emp=2220 day=23 ev=J2_out result_row_class=
[punch-debug] emp=2220 day=24 schedule=HORARIO NORMAL
[punch-debug] emp=2220 day=24 ev=J2_out ev_dt=2026-02-24 17:00:00 best_dt=2026-02-24 17:09:07 diff_s=547.0 reason=after best_raw={'time': '17:09', 'device': 'HALL', 'dt': datetime.datetime(2026, 2, 24, 17, 9, 7), 'dt_norm': datetime.datetime(2026, 2, 24, 17, 9, 7), 'matched_event': 'J2_out', 'matched_event_dt': datetime.datetime(2026, 2, 24, 17, 0), 'assigned': True, 'match_reason': 'after'}
[punch-debug] emp=2220 day=24 ev=J2_out result_row_class=
[punch-debug] emp=2220 day=25 schedule=HORARIO NORMAL
[punch-debug] emp=2220 day=25 ev=J2_out ev_dt=2026-02-25 17:00:00 best_dt=2026-02-25 17:07:57 diff_s=477.0 reason=after best_raw={'time': '17:07', 'device': 'HALL', 'dt': datetime.datetime(2026, 2, 25, 17, 7, 57), 'dt_norm': datetime.datetime(2026, 2, 25, 17, 7, 57), 'matched_event': 'J2_out', 'matched_event_dt': datetime.datetime(2026, 2, 25, 17, 0), 'assigned': True, 'match_reason': 'after'}
[punch-debug] emp=2220 day=25 ev=J2_out result_row_class=
[punch-debug] emp=2220 day=26 schedule=HORARIO NORMAL
[punch-debug] emp=2220 day=27 schedule=HORARIO NORMAL
[punch-debug] emp=2220 day=27 ev=J2_out ev_dt=2026-02-27 17:00:00 best_dt=2026-02-27 17:08:59 diff_s=539.0 reason=after best_raw={'time': '17:08', 'device': 'HALL', 'dt': datetime.datetime(2026, 2, 27, 17, 8, 59), 'dt_norm': datetime.datetime(2026, 2, 27, 17, 8, 59), 'matched_event': 'J2_out', 'matched_event_dt': datetime.datetime(2026, 2, 27, 17, 0), 'assigned': True, 'match_reason': 'after'}
[punch-debug] emp=2220 day=27 ev=J2_out result_row_class=
[punch-debug] emp=2220 day=28 schedule=HORARIO NORMAL
[punch-debug] emp=2220 day=1 schedule=HORARIO NORMAL
[punch-debug] emp=2220 day=2 schedule=HORARIO NORMAL
[punch-debug] emp=2220 day=2 ev=J2_out ev_dt=2026-02-02 18:00:00 best_dt=2026-02-02 19:33:53 diff_s=5633.0 reason=after best_raw={'time': '19:33', 'device': 'HALL', 'dt': datetime.datetime(2026, 2, 2, 19, 33, 53), 'dt_norm': datetime.datetime(2026, 2, 2, 19, 33, 53), 'matched_event': 'J2_out', 'matched_event_dt': datetime.datetime(2026, 2, 2, 18, 0), 'assigned': True, 'match_reason': 'after'}
[punch-debug] emp=2220 day=2 ev=J2_out result_row_class=
[punch-debug] emp=2220 day=3 schedule=HORARIO NORMAL
[punch-debug] emp=2220 day=3 ev=J2_out ev_dt=2026-02-03 18:00:00 best_dt=2026-02-03 20:35:40 diff_s=9340.0 reason=after,far best_raw={'time': '20:35', 'device': '08 Garita', 'dt': datetime.datetime(2026, 2, 3, 20, 35, 40), 'dt_norm': datetime.datetime(2026, 2, 3, 20, 35, 40), 'matched_event': 'J2_out', 'matched_event_dt': datetime.datetime(2026, 2, 3, 18, 0), 'assigned': True, 'match_reason': 'after,far'}
[punch-debug] emp=2220 day=3 ev=J2_out result_row_class=
[punch-debug] emp=2220 day=4 schedule=HORARIO NORMAL
[punch-debug] emp=2220 day=4 ev=J2_out ev_dt=2026-02-04 18:00:00 best_dt=2026-02-04 18:08:34 diff_s=514.0 reason=after best_raw={'time': '18:08', 'device': 'HALL', 'dt': datetime.datetime(2026, 2, 4, 18, 8, 34), 'dt_norm': datetime.datetime(2026, 2, 4, 18, 8, 34), 'matched_event': 'J2_out', 'matched_event_dt': datetime.datetime(2026, 2, 4, 18, 0), 'assigned': True, 'match_reason': 'after'}
[punch-debug] emp=2220 day=4 ev=J2_out result_row_class=
[punch-debug] emp=2220 day=5 schedule=HORARIO NORMAL
[punch-debug] emp=2220 day=5 ev=J1_out ev_dt=2026-02-05 13:00:00 best_dt=2026-02-05 13:16:32 diff_s=992.0 reason=after best_raw={'time': '13:16', 'device': 'HALL', 'dt': datetime.datetime(2026, 2, 5, 13, 16, 32), 'dt_norm': datetime.datetime(2026, 2, 5, 13, 16, 32), 'matched_event': 'J1_out', 'matched_event_dt': datetime.datetime(2026, 2, 5, 13, 0), 'assigned': True, 'match_reason': 'after'}
[punch-debug] emp=2220 day=5 ev=J1_out result_row_class=
[punch-debug] emp=2220 day=5 ev=J2_in ev_dt=2026-02-05 15:00:00 best_dt=2026-02-05 15:09:32 diff_s=572.0 reason=after best_raw={'time': '15:09', 'device': 'HALL', 'dt': datetime.datetime(2026, 2, 5, 15, 9, 32), 'dt_norm': datetime.datetime(2026, 2, 5, 15, 9, 32), 'matched_event': 'J2_in', 'matched_event_dt': datetime.datetime(2026, 2, 5, 15, 0), 'assigned': True, 'match_reason': 'after'}
[punch-debug] emp=2220 day=5 ev=J2_in result_row_class=late
[punch-debug] emp=2220 day=5 ev=J2_out ev_dt=2026-02-05 18:00:00 best_dt=2026-02-05 19:21:44 diff_s=4904.0 reason=after best_raw={'time': '19:21', 'device': 'HALL', 'dt': datetime.datetime(2026, 2, 5, 19, 21, 44), 'dt_norm': datetime.datetime(2026, 2, 5, 19, 21, 44), 'matched_event': 'J2_out', 'matched_event_dt': datetime.datetime(2026, 2, 5, 18, 0), 'assigned': True, 'match_reason': 'after'}
[punch-debug] emp=2220 day=5 ev=J2_out result_row_class=
[punch-debug] emp=2220 day=6 schedule=HORARIO NORMAL
[punch-debug] emp=2220 day=7 schedule=HORARIO NORMAL
[punch-debug] emp=2220 day=8 schedule=HORARIO NORMAL
[punch-debug] emp=2220 day=9 schedule=HORARIO NORMAL
[punch-debug] emp=2220 day=9 ev=J2_out ev_dt=2026-02-09 17:00:00 best_dt=2026-02-09 17:50:00 diff_s=3000.0 reason=after best_raw={'time': '17:50', 'device': 'HALL', 'dt': datetime.datetime(2026, 2, 9, 17, 50), 'dt_norm': datetime.datetime(2026, 2, 9, 17, 50), 'matched_event': 'J2_out', 'matched_event_dt': datetime.datetime(2026, 2, 9, 17, 0), 'assigned': True, 'match_reason': 'after'}
[punch-debug] emp=2220 day=9 ev=J2_out result_row_class=
[punch-debug] emp=2220 day=10 schedule=HORARIO NORMAL
[punch-debug] emp=2220 day=10 ev=J2_out ev_dt=2026-02-10 17:00:00 best_dt=2026-02-10 17:18:37 diff_s=1117.0 reason=after best_raw={'time': '17:18', 'device': 'HALL', 'dt': datetime.datetime(2026, 2, 10, 17, 18, 37), 'dt_norm': datetime.datetime(2026, 2, 10, 17, 18, 37), 'matched_event': 'J2_out', 'matched_event_dt': datetime.datetime(2026, 2, 10, 17, 0), 'assigned': True, 'match_reason': 'after'}
[punch-debug] emp=2220 day=10 ev=J2_out result_row_class=
[punch-debug] emp=2220 day=11 schedule=HORARIO NORMAL
[punch-debug] emp=2220 day=11 ev=J2_out ev_dt=2026-02-11 17:00:00 best_dt=2026-02-11 17:12:47 diff_s=767.0 reason=after best_raw={'time': '17:12', 'device': 'HALL', 'dt': datetime.datetime(2026, 2, 11, 17, 12, 47), 'dt_norm': datetime.datetime(2026, 2, 11, 17, 12, 47), 'matched_event': 'J2_out', 'matched_event_dt': datetime.datetime(2026, 2, 11, 17, 0), 'assigned': True, 'match_reason': 'after'}
[punch-debug] emp=2220 day=11 ev=J2_out result_row_class=
[punch-debug] emp=2220 day=12 schedule=HORARIO NORMAL
[punch-debug] emp=2220 day=12 ev=J2_out ev_dt=2026-02-12 17:00:00 best_dt=2026-02-12 18:42:34 diff_s=6154.0 reason=after best_raw={'time': '18:42', 'device': 'HALL', 'dt': datetime.datetime(2026, 2, 12, 18, 42, 34), 'dt_norm': datetime.datetime(2026, 2, 12, 18, 42, 34), 'matched_event': 'J2_out', 'matched_event_dt': datetime.datetime(2026, 2, 12, 17, 0), 'assigned': True, 'match_reason': 'after'}
[punch-debug] emp=2220 day=12 ev=J2_out result_row_class=
[punch-debug] emp=2220 day=13 schedule=HORARIO NORMAL
[punch-debug] emp=2220 day=13 ev=J2_out ev_dt=2026-02-13 17:00:00 best_dt=2026-02-13 19:51:25 diff_s=10285.0 reason=after,far best_raw={'time': '19:51', 'device': 'HALL', 'dt': datetime.datetime(2026, 2, 13, 19, 51, 25), 'dt_norm': datetime.datetime(2026, 2, 13, 19, 51, 25), 'matched_event': 'J2_out', 'matched_event_dt': datetime.datetime(2026, 2, 13, 17, 0), 'assigned': True, 'match_reason': 'after,far'}
[punch-debug] emp=2220 day=13 ev=J2_out result_row_class=
[punch-debug] emp=2220 day=14 schedule=HORARIO NORMAL
[punch-debug] emp=2220 day=15 schedule=HORARIO NORMAL
[punch-debug] emp=2220 day=16 schedule=HORARIO NORMAL
[punch-debug] emp=2220 day=17 schedule=HORARIO NORMAL
[punch-debug] emp=2220 day=18 schedule=HORARIO NORMAL
[punch-debug] emp=2220 day=18 ev=J2_out ev_dt=2026-02-18 17:00:00 best_dt=2026-02-18 17:03:18 diff_s=198.0 reason=after best_raw={'time': '17:03', 'device': 'Alcaldía e', 'dt': datetime.datetime(2026, 2, 18, 17, 3, 18), 'dt_norm': datetime.datetime(2026, 2, 18, 17, 3, 18), 'matched_event': 'J2_out', 'matched_event_dt': datetime.datetime(2026, 2, 18, 17, 0), 'assigned': True, 'match_reason': 'after'}
[punch-debug] emp=2220 day=18 ev=J2_out result_row_class=
[punch-debug] emp=2220 day=19 schedule=HORARIO NORMAL
[punch-debug] emp=2220 day=19 ev=J2_out ev_dt=2026-02-19 17:00:00 best_dt=2026-02-19 17:04:52 diff_s=292.0 reason=after best_raw={'time': '17:04', 'device': 'HALL', 'dt': datetime.datetime(2026, 2, 19, 17, 4, 52), 'dt_norm': datetime.datetime(2026, 2, 19, 17, 4, 52), 'matched_event': 'J2_out', 'matched_event_dt': datetime.datetime(2026, 2, 19, 17, 0), 'assigned': True, 'match_reason': 'after'}
[punch-debug] emp=2220 day=19 ev=J2_out result_row_class=
[punch-debug] emp=2220 day=20 schedule=HORARIO NORMAL
[punch-debug] emp=2220 day=20 ev=J2_out ev_dt=2026-02-20 17:00:00 best_dt=2026-02-20 17:05:45 diff_s=345.0 reason=after best_raw={'time': '17:05', 'device': 'Alcaldía e', 'dt': datetime.datetime(2026, 2, 20, 17, 5, 45), 'dt_norm': datetime.datetime(2026, 2, 20, 17, 5, 45), 'matched_event': 'J2_out', 'matched_event_dt': datetime.datetime(2026, 2, 20, 17, 0), 'assigned': True, 'match_reason': 'after'}
[punch-debug] emp=2220 day=20 ev=J2_out result_row_class=
[punch-debug] emp=2220 day=21 schedule=HORARIO NORMAL
[punch-debug] emp=2220 day=22 schedule=HORARIO NORMAL
[punch-debug] emp=2220 day=23 schedule=HORARIO NORMAL
[punch-debug] emp=2220 day=23 ev=J2_out ev_dt=2026-02-23 17:00:00 best_dt=2026-02-23 17:12:17 diff_s=737.0 reason=after best_raw={'time': '17:12', 'device': 'HALL', 'dt': datetime.datetime(2026, 2, 23, 17, 12, 17), 'dt_norm': datetime.datetime(2026, 2, 23, 17, 12, 17), 'matched_event': 'J2_out', 'matched_event_dt': datetime.datetime(2026, 2, 23, 17, 0), 'assigned': True, 'match_reason': 'after'}
[punch-debug] emp=2220 day=23 ev=J2_out result_row_class=
[punch-debug] emp=2220 day=24 schedule=HORARIO NORMAL
[punch-debug] emp=2220 day=24 ev=J2_out ev_dt=2026-02-24 17:00:00 best_dt=2026-02-24 17:09:07 diff_s=547.0 reason=after best_raw={'time': '17:09', 'device': 'HALL', 'dt': datetime.datetime(2026, 2, 24, 17, 9, 7), 'dt_norm': datetime.datetime(2026, 2, 24, 17, 9, 7), 'matched_event': 'J2_out', 'matched_event_dt': datetime.datetime(2026, 2, 24, 17, 0), 'assigned': True, 'match_reason': 'after'}
[punch-debug] emp=2220 day=24 ev=J2_out result_row_class=
[punch-debug] emp=2220 day=25 schedule=HORARIO NORMAL
[punch-debug] emp=2220 day=25 ev=J2_out ev_dt=2026-02-25 17:00:00 best_dt=2026-02-25 17:07:57 diff_s=477.0 reason=after best_raw={'time': '17:07', 'device': 'HALL', 'dt': datetime.datetime(2026, 2, 25, 17, 7, 57), 'dt_norm': datetime.datetime(2026, 2, 25, 17, 7, 57), 'matched_event': 'J2_out', 'matched_event_dt': datetime.datetime(2026, 2, 25, 17, 0), 'assigned': True, 'match_reason': 'after'}
[punch-debug] emp=2220 day=25 ev=J2_out result_row_class=
[punch-debug] emp=2220 day=26 schedule=HORARIO NORMAL
[punch-debug] emp=2220 day=27 schedule=HORARIO NORMAL
[punch-debug] emp=2220 day=27 ev=J2_out ev_dt=2026-02-27 17:00:00 best_dt=2026-02-27 17:08:59 diff_s=539.0 reason=after best_raw={'time': '17:08', 'device': 'HALL', 'dt': datetime.datetime(2026, 2, 27, 17, 8, 59), 'dt_norm': datetime.datetime(2026, 2, 27, 17, 8, 59), 'matched_event': 'J2_out', 'matched_event_dt': datetime.datetime(2026, 2, 27, 17, 0), 'assigned': True, 'match_reason': 'after'}
[punch-debug] emp=2220 day=27 ev=J2_out result_row_class=
[punch-debug] emp=2220 day=28 schedule=HORARIO NORMAL
[punch-debug] emp=2220 day=1 schedule=HORARIO NORMAL
[punch-debug] emp=2220 day=2 schedule=HORARIO NORMAL
[punch-debug] emp=2220 day=2 ev=J2_out ev_dt=2026-02-02 18:00:00 best_dt=2026-02-02 19:33:53 diff_s=5633.0 reason=after best_raw={'time': '19:33', 'device': 'HALL', 'dt': datetime.datetime(2026, 2, 2, 19, 33, 53), 'dt_norm': datetime.datetime(2026, 2, 2, 19, 33, 53), 'matched_event': 'J2_out', 'matched_event_dt': datetime.datetime(2026, 2, 2, 18, 0), 'assigned': True, 'match_reason': 'after'}
[punch-debug] emp=2220 day=2 ev=J2_out result_row_class=
[punch-debug] emp=2220 day=3 schedule=HORARIO NORMAL
[punch-debug] emp=2220 day=3 ev=J2_out ev_dt=2026-02-03 18:00:00 best_dt=2026-02-03 20:35:40 diff_s=9340.0 reason=after,far best_raw={'time': '20:35', 'device': '08 Garita', 'dt': datetime.datetime(2026, 2, 3, 20, 35, 40), 'dt_norm': datetime.datetime(2026, 2, 3, 20, 35, 40), 'matched_event': 'J2_out', 'matched_event_dt': datetime.datetime(2026, 2, 3, 18, 0), 'assigned': True, 'match_reason': 'after,far'}
[punch-debug] emp=2220 day=3 ev=J2_out result_row_class=
[punch-debug] emp=2220 day=4 schedule=HORARIO NORMAL
[punch-debug] emp=2220 day=4 ev=J2_out ev_dt=2026-02-04 18:00:00 best_dt=2026-02-04 18:08:34 diff_s=514.0 reason=after best_raw={'time': '18:08', 'device': 'HALL', 'dt': datetime.datetime(2026, 2, 4, 18, 8, 34), 'dt_norm': datetime.datetime(2026, 2, 4, 18, 8, 34), 'matched_event': 'J2_out', 'matched_event_dt': datetime.datetime(2026, 2, 4, 18, 0), 'assigned': True, 'match_reason': 'after'}
[punch-debug] emp=2220 day=4 ev=J2_out result_row_class=
[punch-debug] emp=2220 day=5 schedule=HORARIO NORMAL
[punch-debug] emp=2220 day=5 ev=J1_out ev_dt=2026-02-05 13:00:00 best_dt=2026-02-05 13:16:32 diff_s=992.0 reason=after best_raw={'time': '13:16', 'device': 'HALL', 'dt': datetime.datetime(2026, 2, 5, 13, 16, 32), 'dt_norm': datetime.datetime(2026, 2, 5, 13, 16, 32), 'matched_event': 'J1_out', 'matched_event_dt': datetime.datetime(2026, 2, 5, 13, 0), 'assigned': True, 'match_reason': 'after'}
[punch-debug] emp=2220 day=5 ev=J1_out result_row_class=
[punch-debug] emp=2220 day=5 ev=J2_in ev_dt=2026-02-05 15:00:00 best_dt=2026-02-05 15:09:32 diff_s=572.0 reason=after best_raw={'time': '15:09', 'device': 'HALL', 'dt': datetime.datetime(2026, 2, 5, 15, 9, 32), 'dt_norm': datetime.datetime(2026, 2, 5, 15, 9, 32), 'matched_event': 'J2_in', 'matched_event_dt': datetime.datetime(2026, 2, 5, 15, 0), 'assigned': True, 'match_reason': 'after'}
[punch-debug] emp=2220 day=5 ev=J2_in result_row_class=late
[punch-debug] emp=2220 day=5 ev=J2_out ev_dt=2026-02-05 18:00:00 best_dt=2026-02-05 19:21:44 diff_s=4904.0 reason=after best_raw={'time': '19:21', 'device': 'HALL', 'dt': datetime.datetime(2026, 2, 5, 19, 21, 44), 'dt_norm': datetime.datetime(2026, 2, 5, 19, 21, 44), 'matched_event': 'J2_out', 'matched_event_dt': datetime.datetime(2026, 2, 5, 18, 0), 'assigned': True, 'match_reason': 'after'}
[punch-debug] emp=2220 day=5 ev=J2_out result_row_class=
[punch-debug] emp=2220 day=6 schedule=HORARIO NORMAL
[punch-debug] emp=2220 day=7 schedule=HORARIO NORMAL
[punch-debug] emp=2220 day=8 schedule=HORARIO NORMAL
[punch-debug] emp=2220 day=9 schedule=HORARIO NORMAL
[punch-debug] emp=2220 day=9 ev=J2_out ev_dt=2026-02-09 17:00:00 best_dt=2026-02-09 17:50:00 diff_s=3000.0 reason=after best_raw={'time': '17:50', 'device': 'HALL', 'dt': datetime.datetime(2026, 2, 9, 17, 50), 'dt_norm': datetime.datetime(2026, 2, 9, 17, 50), 'matched_event': 'J2_out', 'matched_event_dt': datetime.datetime(2026, 2, 9, 17, 0), 'assigned': True, 'match_reason': 'after'}
[punch-debug] emp=2220 day=9 ev=J2_out result_row_class=
[punch-debug] emp=2220 day=10 schedule=HORARIO NORMAL
[punch-debug] emp=2220 day=10 ev=J2_out ev_dt=2026-02-10 17:00:00 best_dt=2026-02-10 17:18:37 diff_s=1117.0 reason=after best_raw={'time': '17:18', 'device': 'HALL', 'dt': datetime.datetime(2026, 2, 10, 17, 18, 37), 'dt_norm': datetime.datetime(2026, 2, 10, 17, 18, 37), 'matched_event': 'J2_out', 'matched_event_dt': datetime.datetime(2026, 2, 10, 17, 0), 'assigned': True, 'match_reason': 'after'}
[punch-debug] emp=2220 day=10 ev=J2_out result_row_class=
[punch-debug] emp=2220 day=11 schedule=HORARIO NORMAL
[punch-debug] emp=2220 day=11 ev=J2_out ev_dt=2026-02-11 17:00:00 best_dt=2026-02-11 17:12:47 diff_s=767.0 reason=after best_raw={'time': '17:12', 'device': 'HALL', 'dt': datetime.datetime(2026, 2, 11, 17, 12, 47), 'dt_norm': datetime.datetime(2026, 2, 11, 17, 12, 47), 'matched_event': 'J2_out', 'matched_event_dt': datetime.datetime(2026, 2, 11, 17, 0), 'assigned': True, 'match_reason': 'after'}
[punch-debug] emp=2220 day=11 ev=J2_out result_row_class=
[punch-debug] emp=2220 day=12 schedule=HORARIO NORMAL
[punch-debug] emp=2220 day=12 ev=J2_out ev_dt=2026-02-12 17:00:00 best_dt=2026-02-12 18:42:34 diff_s=6154.0 reason=after best_raw={'time': '18:42', 'device': 'HALL', 'dt': datetime.datetime(2026, 2, 12, 18, 42, 34), 'dt_norm': datetime.datetime(2026, 2, 12, 18, 42, 34), 'matched_event': 'J2_out', 'matched_event_dt': datetime.datetime(2026, 2, 12, 17, 0), 'assigned': True, 'match_reason': 'after'}
[punch-debug] emp=2220 day=12 ev=J2_out result_row_class=
[punch-debug] emp=2220 day=13 schedule=HORARIO NORMAL
[punch-debug] emp=2220 day=13 ev=J2_out ev_dt=2026-02-13 17:00:00 best_dt=2026-02-13 19:51:25 diff_s=10285.0 reason=after,far best_raw={'time': '19:51', 'device': 'HALL', 'dt': datetime.datetime(2026, 2, 13, 19, 51, 25), 'dt_norm': datetime.datetime(2026, 2, 13, 19, 51, 25), 'matched_event': 'J2_out', 'matched_event_dt': datetime.datetime(2026, 2, 13, 17, 0), 'assigned': True, 'match_reason': 'after,far'}
[punch-debug] emp=2220 day=13 ev=J2_out result_row_class=
[punch-debug] emp=2220 day=14 schedule=HORARIO NORMAL
[punch-debug] emp=2220 day=15 schedule=HORARIO NORMAL
[punch-debug] emp=2220 day=16 schedule=HORARIO NORMAL
[punch-debug] emp=2220 day=17 schedule=HORARIO NORMAL
[punch-debug] emp=2220 day=18 schedule=HORARIO NORMAL
[punch-debug] emp=2220 day=18 ev=J2_out ev_dt=2026-02-18 17:00:00 best_dt=2026-02-18 17:03:18 diff_s=198.0 reason=after best_raw={'time': '17:03', 'device': 'Alcaldía e', 'dt': datetime.datetime(2026, 2, 18, 17, 3, 18), 'dt_norm': datetime.datetime(2026, 2, 18, 17, 3, 18), 'matched_event': 'J2_out', 'matched_event_dt': datetime.datetime(2026, 2, 18, 17, 0), 'assigned': True, 'match_reason': 'after'}
[punch-debug] emp=2220 day=18 ev=J2_out result_row_class=
[punch-debug] emp=2220 day=19 schedule=HORARIO NORMAL
[punch-debug] emp=2220 day=19 ev=J2_out ev_dt=2026-02-19 17:00:00 best_dt=2026-02-19 17:04:52 diff_s=292.0 reason=after best_raw={'time': '17:04', 'device': 'HALL', 'dt': datetime.datetime(2026, 2, 19, 17, 4, 52), 'dt_norm': datetime.datetime(2026, 2, 19, 17, 4, 52), 'matched_event': 'J2_out', 'matched_event_dt': datetime.datetime(2026, 2, 19, 17, 0), 'assigned': True, 'match_reason': 'after'}
[punch-debug] emp=2220 day=19 ev=J2_out result_row_class=
[punch-debug] emp=2220 day=20 schedule=HORARIO NORMAL
[punch-debug] emp=2220 day=20 ev=J2_out ev_dt=2026-02-20 17:00:00 best_dt=2026-02-20 17:05:45 diff_s=345.0 reason=after best_raw={'time': '17:05', 'device': 'Alcaldía e', 'dt': datetime.datetime(2026, 2, 20, 17, 5, 45), 'dt_norm': datetime.datetime(2026, 2, 20, 17, 5, 45), 'matched_event': 'J2_out', 'matched_event_dt': datetime.datetime(2026, 2, 20, 17, 0), 'assigned': True, 'match_reason': 'after'}
[punch-debug] emp=2220 day=20 ev=J2_out result_row_class=
[punch-debug] emp=2220 day=21 schedule=HORARIO NORMAL
[punch-debug] emp=2220 day=22 schedule=HORARIO NORMAL
[punch-debug] emp=2220 day=23 schedule=HORARIO NORMAL
[punch-debug] emp=2220 day=23 ev=J2_out ev_dt=2026-02-23 17:00:00 best_dt=2026-02-23 17:12:17 diff_s=737.0 reason=after best_raw={'time': '17:12', 'device': 'HALL', 'dt': datetime.datetime(2026, 2, 23, 17, 12, 17), 'dt_norm': datetime.datetime(2026, 2, 23, 17, 12, 17), 'matched_event': 'J2_out', 'matched_event_dt': datetime.datetime(2026, 2, 23, 17, 0), 'assigned': True, 'match_reason': 'after'}
[punch-debug] emp=2220 day=23 ev=J2_out result_row_class=
[punch-debug] emp=2220 day=24 schedule=HORARIO NORMAL
[punch-debug] emp=2220 day=24 ev=J2_out ev_dt=2026-02-24 17:00:00 best_dt=2026-02-24 17:09:07 diff_s=547.0 reason=after best_raw={'time': '17:09', 'device': 'HALL', 'dt': datetime.datetime(2026, 2, 24, 17, 9, 7), 'dt_norm': datetime.datetime(2026, 2, 24, 17, 9, 7), 'matched_event': 'J2_out', 'matched_event_dt': datetime.datetime(2026, 2, 24, 17, 0), 'assigned': True, 'match_reason': 'after'}
[punch-debug] emp=2220 day=24 ev=J2_out result_row_class=
[punch-debug] emp=2220 day=25 schedule=HORARIO NORMAL
[punch-debug] emp=2220 day=25 ev=J2_out ev_dt=2026-02-25 17:00:00 best_dt=2026-02-25 17:07:57 diff_s=477.0 reason=after best_raw={'time': '17:07', 'device': 'HALL', 'dt': datetime.datetime(2026, 2, 25, 17, 7, 57), 'dt_norm': datetime.datetime(2026, 2, 25, 17, 7, 57), 'matched_event': 'J2_out', 'matched_event_dt': datetime.datetime(2026, 2, 25, 17, 0), 'assigned': True, 'match_reason': 'after'}
[punch-debug] emp=2220 day=25 ev=J2_out result_row_class=
[punch-debug] emp=2220 day=26 schedule=HORARIO NORMAL
[punch-debug] emp=2220 day=27 schedule=HORARIO NORMAL
[punch-debug] emp=2220 day=27 ev=J2_out ev_dt=2026-02-27 17:00:00 best_dt=2026-02-27 17:08:59 diff_s=539.0 reason=after best_raw={'time': '17:08', 'device': 'HALL', 'dt': datetime.datetime(2026, 2, 27, 17, 8, 59), 'dt_norm': datetime.datetime(2026, 2, 27, 17, 8, 59), 'matched_event': 'J2_out', 'matched_event_dt': datetime.datetime(2026, 2, 27, 17, 0), 'assigned': True, 'match_reason': 'after'}
[punch-debug] emp=2220 day=27 ev=J2_out result_row_class=
[punch-debug] emp=2220 day=28 schedule=HORARIO NORMAL
[punch-debug] emp=2220 day=1 schedule=HORARIO NORMAL
[punch-debug] emp=2220 day=2 schedule=HORARIO NORMAL
[punch-debug] emp=2220 day=2 ev=J2_out ev_dt=2026-02-02 18:00:00 best_dt=2026-02-02 19:33:53 diff_s=5633.0 reason=after best_raw={'time': '19:33', 'device': 'HALL', 'dt': datetime.datetime(2026, 2, 2, 19, 33, 53), 'dt_norm': datetime.datetime(2026, 2, 2, 19, 33, 53), 'matched_event': 'J2_out', 'matched_event_dt': datetime.datetime(2026, 2, 2, 18, 0), 'assigned': True, 'match_reason': 'after'}
[punch-debug] emp=2220 day=2 ev=J2_out result_row_class=
[punch-debug] emp=2220 day=3 schedule=HORARIO NORMAL
[punch-debug] emp=2220 day=3 ev=J2_out ev_dt=2026-02-03 18:00:00 best_dt=2026-02-03 20:35:40 diff_s=9340.0 reason=after,far best_raw={'time': '20:35', 'device': '08 Garita', 'dt': datetime.datetime(2026, 2, 3, 20, 35, 40), 'dt_norm': datetime.datetime(2026, 2, 3, 20, 35, 40), 'matched_event': 'J2_out', 'matched_event_dt': datetime.datetime(2026, 2, 3, 18, 0), 'assigned': True, 'match_reason': 'after,far'}
[punch-debug] emp=2220 day=3 ev=J2_out result_row_class=
[punch-debug] emp=2220 day=4 schedule=HORARIO NORMAL
[punch-debug] emp=2220 day=4 ev=J2_out ev_dt=2026-02-04 18:00:00 best_dt=2026-02-04 18:08:34 diff_s=514.0 reason=after best_raw={'time': '18:08', 'device': 'HALL', 'dt': datetime.datetime(2026, 2, 4, 18, 8, 34), 'dt_norm': datetime.datetime(2026, 2, 4, 18, 8, 34), 'matched_event': 'J2_out', 'matched_event_dt': datetime.datetime(2026, 2, 4, 18, 0), 'assigned': True, 'match_reason': 'after'}
[punch-debug] emp=2220 day=4 ev=J2_out result_row_class=
[punch-debug] emp=2220 day=5 schedule=HORARIO NORMAL
[punch-debug] emp=2220 day=5 ev=J1_out ev_dt=2026-02-05 13:00:00 best_dt=2026-02-05 13:16:32 diff_s=992.0 reason=after best_raw={'time': '13:16', 'device': 'HALL', 'dt': datetime.datetime(2026, 2, 5, 13, 16, 32), 'dt_norm': datetime.datetime(2026, 2, 5, 13, 16, 32), 'matched_event': 'J1_out', 'matched_event_dt': datetime.datetime(2026, 2, 5, 13, 0), 'assigned': True, 'match_reason': 'after'}
[punch-debug] emp=2220 day=5 ev=J1_out result_row_class=
[punch-debug] emp=2220 day=5 ev=J2_in ev_dt=2026-02-05 15:00:00 best_dt=2026-02-05 15:09:32 diff_s=572.0 reason=after best_raw={'time': '15:09', 'device': 'HALL', 'dt': datetime.datetime(2026, 2, 5, 15, 9, 32), 'dt_norm': datetime.datetime(2026, 2, 5, 15, 9, 32), 'matched_event': 'J2_in', 'matched_event_dt': datetime.datetime(2026, 2, 5, 15, 0), 'assigned': True, 'match_reason': 'after'}
[punch-debug] emp=2220 day=5 ev=J2_in result_row_class=late
[punch-debug] emp=2220 day=5 ev=J2_out ev_dt=2026-02-05 18:00:00 best_dt=2026-02-05 19:21:44 diff_s=4904.0 reason=after best_raw={'time': '19:21', 'device': 'HALL', 'dt': datetime.datetime(2026, 2, 5, 19, 21, 44), 'dt_norm': datetime.datetime(2026, 2, 5, 19, 21, 44), 'matched_event': 'J2_out', 'matched_event_dt': datetime.datetime(2026, 2, 5, 18, 0), 'assigned': True, 'match_reason': 'after'}
[punch-debug] emp=2220 day=5 ev=J2_out result_row_class=
[punch-debug] emp=2220 day=6 schedule=HORARIO NORMAL
[punch-debug] emp=2220 day=7 schedule=HORARIO NORMAL
[punch-debug] emp=2220 day=8 schedule=HORARIO NORMAL
[punch-debug] emp=2220 day=9 schedule=HORARIO NORMAL
[punch-debug] emp=2220 day=9 ev=J2_out ev_dt=2026-02-09 17:00:00 best_dt=2026-02-09 17:50:00 diff_s=3000.0 reason=after best_raw={'time': '17:50', 'device': 'HALL', 'dt': datetime.datetime(2026, 2, 9, 17, 50), 'dt_norm': datetime.datetime(2026, 2, 9, 17, 50), 'matched_event': 'J2_out', 'matched_event_dt': datetime.datetime(2026, 2, 9, 17, 0), 'assigned': True, 'match_reason': 'after'}
[punch-debug] emp=2220 day=9 ev=J2_out result_row_class=
[punch-debug] emp=2220 day=10 schedule=HORARIO NORMAL
[punch-debug] emp=2220 day=10 ev=J2_out ev_dt=2026-02-10 17:00:00 best_dt=2026-02-10 17:18:37 diff_s=1117.0 reason=after best_raw={'time': '17:18', 'device': 'HALL', 'dt': datetime.datetime(2026, 2, 10, 17, 18, 37), 'dt_norm': datetime.datetime(2026, 2, 10, 17, 18, 37), 'matched_event': 'J2_out', 'matched_event_dt': datetime.datetime(2026, 2, 10, 17, 0), 'assigned': True, 'match_reason': 'after'}
[punch-debug] emp=2220 day=10 ev=J2_out result_row_class=
[punch-debug] emp=2220 day=11 schedule=HORARIO NORMAL
[punch-debug] emp=2220 day=11 ev=J2_out ev_dt=2026-02-11 17:00:00 best_dt=2026-02-11 17:12:47 diff_s=767.0 reason=after best_raw={'time': '17:12', 'device': 'HALL', 'dt': datetime.datetime(2026, 2, 11, 17, 12, 47), 'dt_norm': datetime.datetime(2026, 2, 11, 17, 12, 47), 'matched_event': 'J2_out', 'matched_event_dt': datetime.datetime(2026, 2, 11, 17, 0), 'assigned': True, 'match_reason': 'after'}
[punch-debug] emp=2220 day=11 ev=J2_out result_row_class=
[punch-debug] emp=2220 day=12 schedule=HORARIO NORMAL
[punch-debug] emp=2220 day=12 ev=J2_out ev_dt=2026-02-12 17:00:00 best_dt=2026-02-12 18:42:34 diff_s=6154.0 reason=after best_raw={'time': '18:42', 'device': 'HALL', 'dt': datetime.datetime(2026, 2, 12, 18, 42, 34), 'dt_norm': datetime.datetime(2026, 2, 12, 18, 42, 34), 'matched_event': 'J2_out', 'matched_event_dt': datetime.datetime(2026, 2, 12, 17, 0), 'assigned': True, 'match_reason': 'after'}
[punch-debug] emp=2220 day=12 ev=J2_out result_row_class=
[punch-debug] emp=2220 day=13 schedule=HORARIO NORMAL
[punch-debug] emp=2220 day=13 ev=J2_out ev_dt=2026-02-13 17:00:00 best_dt=2026-02-13 19:51:25 diff_s=10285.0 reason=after,far best_raw={'time': '19:51', 'device': 'HALL', 'dt': datetime.datetime(2026, 2, 13, 19, 51, 25), 'dt_norm': datetime.datetime(2026, 2, 13, 19, 51, 25), 'matched_event': 'J2_out', 'matched_event_dt': datetime.datetime(2026, 2, 13, 17, 0), 'assigned': True, 'match_reason': 'after,far'}
[punch-debug] emp=2220 day=13 ev=J2_out result_row_class=
[punch-debug] emp=2220 day=14 schedule=HORARIO NORMAL
[punch-debug] emp=2220 day=15 schedule=HORARIO NORMAL
[punch-debug] emp=2220 day=16 schedule=HORARIO NORMAL
[punch-debug] emp=2220 day=17 schedule=HORARIO NORMAL
[punch-debug] emp=2220 day=18 schedule=HORARIO NORMAL
[punch-debug] emp=2220 day=18 ev=J2_out ev_dt=2026-02-18 17:00:00 best_dt=2026-02-18 17:03:18 diff_s=198.0 reason=after best_raw={'time': '17:03', 'device': 'Alcaldía e', 'dt': datetime.datetime(2026, 2, 18, 17, 3, 18), 'dt_norm': datetime.datetime(2026, 2, 18, 17, 3, 18), 'matched_event': 'J2_out', 'matched_event_dt': datetime.datetime(2026, 2, 18, 17, 0), 'assigned': True, 'match_reason': 'after'}
[punch-debug] emp=2220 day=18 ev=J2_out result_row_class=
[punch-debug] emp=2220 day=19 schedule=HORARIO NORMAL
[punch-debug] emp=2220 day=19 ev=J2_out ev_dt=2026-02-19 17:00:00 best_dt=2026-02-19 17:04:52 diff_s=292.0 reason=after best_raw={'time': '17:04', 'device': 'HALL', 'dt': datetime.datetime(2026, 2, 19, 17, 4, 52), 'dt_norm': datetime.datetime(2026, 2, 19, 17, 4, 52), 'matched_event': 'J2_out', 'matched_event_dt': datetime.datetime(2026, 2, 19, 17, 0), 'assigned': True, 'match_reason': 'after'}
[punch-debug] emp=2220 day=19 ev=J2_out result_row_class=
[punch-debug] emp=2220 day=20 schedule=HORARIO NORMAL
[punch-debug] emp=2220 day=20 ev=J2_out ev_dt=2026-02-20 17:00:00 best_dt=2026-02-20 17:05:45 diff_s=345.0 reason=after best_raw={'time': '17:05', 'device': 'Alcaldía e', 'dt': datetime.datetime(2026, 2, 20, 17, 5, 45), 'dt_norm': datetime.datetime(2026, 2, 20, 17, 5, 45), 'matched_event': 'J2_out', 'matched_event_dt': datetime.datetime(2026, 2, 20, 17, 0), 'assigned': True, 'match_reason': 'after'}
[punch-debug] emp=2220 day=20 ev=J2_out result_row_class=
[punch-debug] emp=2220 day=21 schedule=HORARIO NORMAL
[punch-debug] emp=2220 day=22 schedule=HORARIO NORMAL
[punch-debug] emp=2220 day=23 schedule=HORARIO NORMAL
[punch-debug] emp=2220 day=23 ev=J2_out ev_dt=2026-02-23 17:00:00 best_dt=2026-02-23 17:12:17 diff_s=737.0 reason=after best_raw={'time': '17:12', 'device': 'HALL', 'dt': datetime.datetime(2026, 2, 23, 17, 12, 17), 'dt_norm': datetime.datetime(2026, 2, 23, 17, 12, 17), 'matched_event': 'J2_out', 'matched_event_dt': datetime.datetime(2026, 2, 23, 17, 0), 'assigned': True, 'match_reason': 'after'}
[punch-debug] emp=2220 day=23 ev=J2_out result_row_class=
[punch-debug] emp=2220 day=24 schedule=HORARIO NORMAL
[punch-debug] emp=2220 day=24 ev=J2_out ev_dt=2026-02-24 17:00:00 best_dt=2026-02-24 17:09:07 diff_s=547.0 reason=after best_raw={'time': '17:09', 'device': 'HALL', 'dt': datetime.datetime(2026, 2, 24, 17, 9, 7), 'dt_norm': datetime.datetime(2026, 2, 24, 17, 9, 7), 'matched_event': 'J2_out', 'matched_event_dt': datetime.datetime(2026, 2, 24, 17, 0), 'assigned': True, 'match_reason': 'after'}
[punch-debug] emp=2220 day=24 ev=J2_out result_row_class=
[punch-debug] emp=2220 day=25 schedule=HORARIO NORMAL
[punch-debug] emp=2220 day=25 ev=J2_out ev_dt=2026-02-25 17:00:00 best_dt=2026-02-25 17:07:57 diff_s=477.0 reason=after best_raw={'time': '17:07', 'device': 'HALL', 'dt': datetime.datetime(2026, 2, 25, 17, 7, 57), 'dt_norm': datetime.datetime(2026, 2, 25, 17, 7, 57), 'matched_event': 'J2_out', 'matched_event_dt': datetime.datetime(2026, 2, 25, 17, 0), 'assigned': True, 'match_reason': 'after'}
[punch-debug] emp=2220 day=25 ev=J2_out result_row_class=
[punch-debug] emp=2220 day=26 schedule=HORARIO NORMAL
[punch-debug] emp=2220 day=27 schedule=HORARIO NORMAL
[punch-debug] emp=2220 day=27 ev=J2_out ev_dt=2026-02-27 17:00:00 best_dt=2026-02-27 17:08:59 diff_s=539.0 reason=after best_raw={'time': '17:08', 'device': 'HALL', 'dt': datetime.datetime(2026, 2, 27, 17, 8, 59), 'dt_norm': datetime.datetime(2026, 2, 27, 17, 8, 59), 'matched_event': 'J2_out', 'matched_event_dt': datetime.datetime(2026, 2, 27, 17, 0), 'assigned': True, 'match_reason': 'after'}
[punch-debug] emp=2220 day=27 ev=J2_out result_row_class=
[punch-debug] emp=2220 day=28 schedule=HORARIO NORMAL
[punch-debug] emp=2220 day=1 schedule=HORARIO NORMAL
[punch-debug] emp=2220 day=2 schedule=HORARIO NORMAL
[punch-debug] emp=2220 day=2 ev=J2_out ev_dt=2026-02-02 18:00:00 best_dt=2026-02-02 19:33:53 diff_s=5633.0 reason=after best_raw={'time': '19:33', 'device': 'HALL', 'dt': datetime.datetime(2026, 2, 2, 19, 33, 53), 'dt_norm': datetime.datetime(2026, 2, 2, 19, 33, 53), 'matched_event': 'J2_out', 'matched_event_dt': datetime.datetime(2026, 2, 2, 18, 0), 'assigned': True, 'match_reason': 'after'}
[punch-debug] emp=2220 day=2 ev=J2_out result_row_class=
[punch-debug] emp=2220 day=3 schedule=HORARIO NORMAL
[punch-debug] emp=2220 day=3 ev=J2_out ev_dt=2026-02-03 18:00:00 best_dt=2026-02-03 20:35:40 diff_s=9340.0 reason=after,far best_raw={'time': '20:35', 'device': '08 Garita', 'dt': datetime.datetime(2026, 2, 3, 20, 35, 40), 'dt_norm': datetime.datetime(2026, 2, 3, 20, 35, 40), 'matched_event': 'J2_out', 'matched_event_dt': datetime.datetime(2026, 2, 3, 18, 0), 'assigned': True, 'match_reason': 'after,far'}
[punch-debug] emp=2220 day=3 ev=J2_out result_row_class=
[punch-debug] emp=2220 day=4 schedule=HORARIO NORMAL
[punch-debug] emp=2220 day=4 ev=J2_out ev_dt=2026-02-04 18:00:00 best_dt=2026-02-04 18:08:34 diff_s=514.0 reason=after best_raw={'time': '18:08', 'device': 'HALL', 'dt': datetime.datetime(2026, 2, 4, 18, 8, 34), 'dt_norm': datetime.datetime(2026, 2, 4, 18, 8, 34), 'matched_event': 'J2_out', 'matched_event_dt': datetime.datetime(2026, 2, 4, 18, 0), 'assigned': True, 'match_reason': 'after'}
[punch-debug] emp=2220 day=4 ev=J2_out result_row_class=
[punch-debug] emp=2220 day=5 schedule=HORARIO NORMAL
[punch-debug] emp=2220 day=5 ev=J1_out ev_dt=2026-02-05 13:00:00 best_dt=2026-02-05 13:16:32 diff_s=992.0 reason=after best_raw={'time': '13:16', 'device': 'HALL', 'dt': datetime.datetime(2026, 2, 5, 13, 16, 32), 'dt_norm': datetime.datetime(2026, 2, 5, 13, 16, 32), 'matched_event': 'J1_out', 'matched_event_dt': datetime.datetime(2026, 2, 5, 13, 0), 'assigned': True, 'match_reason': 'after'}
[punch-debug] emp=2220 day=5 ev=J1_out result_row_class=
[punch-debug] emp=2220 day=5 ev=J2_in ev_dt=2026-02-05 15:00:00 best_dt=2026-02-05 15:09:32 diff_s=572.0 reason=after best_raw={'time': '15:09', 'device': 'HALL', 'dt': datetime.datetime(2026, 2, 5, 15, 9, 32), 'dt_norm': datetime.datetime(2026, 2, 5, 15, 9, 32), 'matched_event': 'J2_in', 'matched_event_dt': datetime.datetime(2026, 2, 5, 15, 0), 'assigned': True, 'match_reason': 'after'}
[punch-debug] emp=2220 day=5 ev=J2_in result_row_class=late
[punch-debug] emp=2220 day=5 ev=J2_out ev_dt=2026-02-05 18:00:00 best_dt=2026-02-05 19:21:44 diff_s=4904.0 reason=after best_raw={'time': '19:21', 'device': 'HALL', 'dt': datetime.datetime(2026, 2, 5, 19, 21, 44), 'dt_norm': datetime.datetime(2026, 2, 5, 19, 21, 44), 'matched_event': 'J2_out', 'matched_event_dt': datetime.datetime(2026, 2, 5, 18, 0), 'assigned': True, 'match_reason': 'after'}
[punch-debug] emp=2220 day=5 ev=J2_out result_row_class=
[punch-debug] emp=2220 day=6 schedule=HORARIO NORMAL
[punch-debug] emp=2220 day=7 schedule=HORARIO NORMAL
[punch-debug] emp=2220 day=8 schedule=HORARIO NORMAL
[punch-debug] emp=2220 day=9 schedule=HORARIO NORMAL
[punch-debug] emp=2220 day=9 ev=J2_out ev_dt=2026-02-09 17:00:00 best_dt=2026-02-09 17:50:00 diff_s=3000.0 reason=after best_raw={'time': '17:50', 'device': 'HALL', 'dt': datetime.datetime(2026, 2, 9, 17, 50), 'dt_norm': datetime.datetime(2026, 2, 9, 17, 50), 'matched_event': 'J2_out', 'matched_event_dt': datetime.datetime(2026, 2, 9, 17, 0), 'assigned': True, 'match_reason': 'after'}
[punch-debug] emp=2220 day=9 ev=J2_out result_row_class=
[punch-debug] emp=2220 day=10 schedule=HORARIO NORMAL
[punch-debug] emp=2220 day=10 ev=J2_out ev_dt=2026-02-10 17:00:00 best_dt=2026-02-10 17:18:37 diff_s=1117.0 reason=after best_raw={'time': '17:18', 'device': 'HALL', 'dt': datetime.datetime(2026, 2, 10, 17, 18, 37), 'dt_norm': datetime.datetime(2026, 2, 10, 17, 18, 37), 'matched_event': 'J2_out', 'matched_event_dt': datetime.datetime(2026, 2, 10, 17, 0), 'assigned': True, 'match_reason': 'after'}
[punch-debug] emp=2220 day=10 ev=J2_out result_row_class=
[punch-debug] emp=2220 day=11 schedule=HORARIO NORMAL
[punch-debug] emp=2220 day=11 ev=J2_out ev_dt=2026-02-11 17:00:00 best_dt=2026-02-11 17:12:47 diff_s=767.0 reason=after best_raw={'time': '17:12', 'device': 'HALL', 'dt': datetime.datetime(2026, 2, 11, 17, 12, 47), 'dt_norm': datetime.datetime(2026, 2, 11, 17, 12, 47), 'matched_event': 'J2_out', 'matched_event_dt': datetime.datetime(2026, 2, 11, 17, 0), 'assigned': True, 'match_reason': 'after'}
[punch-debug] emp=2220 day=11 ev=J2_out result_row_class=
[punch-debug] emp=2220 day=12 schedule=HORARIO NORMAL
[punch-debug] emp=2220 day=12 ev=J2_out ev_dt=2026-02-12 17:00:00 best_dt=2026-02-12 18:42:34 diff_s=6154.0 reason=after best_raw={'time': '18:42', 'device': 'HALL', 'dt': datetime.datetime(2026, 2, 12, 18, 42, 34), 'dt_norm': datetime.datetime(2026, 2, 12, 18, 42, 34), 'matched_event': 'J2_out', 'matched_event_dt': datetime.datetime(2026, 2, 12, 17, 0), 'assigned': True, 'match_reason': 'after'}
[punch-debug] emp=2220 day=12 ev=J2_out result_row_class=
[punch-debug] emp=2220 day=13 schedule=HORARIO NORMAL
[punch-debug] emp=2220 day=13 ev=J2_out ev_dt=2026-02-13 17:00:00 best_dt=2026-02-13 19:51:25 diff_s=10285.0 reason=after,far best_raw={'time': '19:51', 'device': 'HALL', 'dt': datetime.datetime(2026, 2, 13, 19, 51, 25), 'dt_norm': datetime.datetime(2026, 2, 13, 19, 51, 25), 'matched_event': 'J2_out', 'matched_event_dt': datetime.datetime(2026, 2, 13, 17, 0), 'assigned': True, 'match_reason': 'after,far'}
[punch-debug] emp=2220 day=13 ev=J2_out result_row_class=
[punch-debug] emp=2220 day=14 schedule=HORARIO NORMAL
[punch-debug] emp=2220 day=15 schedule=HORARIO NORMAL
[punch-debug] emp=2220 day=16 schedule=HORARIO NORMAL
[punch-debug] emp=2220 day=17 schedule=HORARIO NORMAL
[punch-debug] emp=2220 day=18 schedule=HORARIO NORMAL
[punch-debug] emp=2220 day=18 ev=J2_out ev_dt=2026-02-18 17:00:00 best_dt=2026-02-18 17:03:18 diff_s=198.0 reason=after best_raw={'time': '17:03', 'device': 'Alcaldía e', 'dt': datetime.datetime(2026, 2, 18, 17, 3, 18), 'dt_norm': datetime.datetime(2026, 2, 18, 17, 3, 18), 'matched_event': 'J2_out', 'matched_event_dt': datetime.datetime(2026, 2, 18, 17, 0), 'assigned': True, 'match_reason': 'after'}
[punch-debug] emp=2220 day=18 ev=J2_out result_row_class=
[punch-debug] emp=2220 day=19 schedule=HORARIO NORMAL
[punch-debug] emp=2220 day=19 ev=J2_out ev_dt=2026-02-19 17:00:00 best_dt=2026-02-19 17:04:52 diff_s=292.0 reason=after best_raw={'time': '17:04', 'device': 'HALL', 'dt': datetime.datetime(2026, 2, 19, 17, 4, 52), 'dt_norm': datetime.datetime(2026, 2, 19, 17, 4, 52), 'matched_event': 'J2_out', 'matched_event_dt': datetime.datetime(2026, 2, 19, 17, 0), 'assigned': True, 'match_reason': 'after'}
[punch-debug] emp=2220 day=19 ev=J2_out result_row_class=
[punch-debug] emp=2220 day=20 schedule=HORARIO NORMAL
[punch-debug] emp=2220 day=20 ev=J2_out ev_dt=2026-02-20 17:00:00 best_dt=2026-02-20 17:05:45 diff_s=345.0 reason=after best_raw={'time': '17:05', 'device': 'Alcaldía e', 'dt': datetime.datetime(2026, 2, 20, 17, 5, 45), 'dt_norm': datetime.datetime(2026, 2, 20, 17, 5, 45), 'matched_event': 'J2_out', 'matched_event_dt': datetime.datetime(2026, 2, 20, 17, 0), 'assigned': True, 'match_reason': 'after'}
[punch-debug] emp=2220 day=20 ev=J2_out result_row_class=
[punch-debug] emp=2220 day=21 schedule=HORARIO NORMAL
[punch-debug] emp=2220 day=22 schedule=HORARIO NORMAL
[punch-debug] emp=2220 day=23 schedule=HORARIO NORMAL
[punch-debug] emp=2220 day=23 ev=J2_out ev_dt=2026-02-23 17:00:00 best_dt=2026-02-23 17:12:17 diff_s=737.0 reason=after best_raw={'time': '17:12', 'device': 'HALL', 'dt': datetime.datetime(2026, 2, 23, 17, 12, 17), 'dt_norm': datetime.datetime(2026, 2, 23, 17, 12, 17), 'matched_event': 'J2_out', 'matched_event_dt': datetime.datetime(2026, 2, 23, 17, 0), 'assigned': True, 'match_reason': 'after'}
[punch-debug] emp=2220 day=23 ev=J2_out result_row_class=
[punch-debug] emp=2220 day=24 schedule=HORARIO NORMAL
[punch-debug] emp=2220 day=24 ev=J2_out ev_dt=2026-02-24 17:00:00 best_dt=2026-02-24 17:09:07 diff_s=547.0 reason=after best_raw={'time': '17:09', 'device': 'HALL', 'dt': datetime.datetime(2026, 2, 24, 17, 9, 7), 'dt_norm': datetime.datetime(2026, 2, 24, 17, 9, 7), 'matched_event': 'J2_out', 'matched_event_dt': datetime.datetime(2026, 2, 24, 17, 0), 'assigned': True, 'match_reason': 'after'}
[punch-debug] emp=2220 day=24 ev=J2_out result_row_class=
[punch-debug] emp=2220 day=25 schedule=HORARIO NORMAL
[punch-debug] emp=2220 day=25 ev=J2_out ev_dt=2026-02-25 17:00:00 best_dt=2026-02-25 17:07:57 diff_s=477.0 reason=after best_raw={'time': '17:07', 'device': 'HALL', 'dt': datetime.datetime(2026, 2, 25, 17, 7, 57), 'dt_norm': datetime.datetime(2026, 2, 25, 17, 7, 57), 'matched_event': 'J2_out', 'matched_event_dt': datetime.datetime(2026, 2, 25, 17, 0), 'assigned': True, 'match_reason': 'after'}
[punch-debug] emp=2220 day=25 ev=J2_out result_row_class=
[punch-debug] emp=2220 day=26 schedule=HORARIO NORMAL
[punch-debug] emp=2220 day=27 schedule=HORARIO NORMAL
[punch-debug] emp=2220 day=27 ev=J2_out ev_dt=2026-02-27 17:00:00 best_dt=2026-02-27 17:08:59 diff_s=539.0 reason=after best_raw={'time': '17:08', 'device': 'HALL', 'dt': datetime.datetime(2026, 2, 27, 17, 8, 59), 'dt_norm': datetime.datetime(2026, 2, 27, 17, 8, 59), 'matched_event': 'J2_out', 'matched_event_dt': datetime.datetime(2026, 2, 27, 17, 0), 'assigned': True, 'match_reason': 'after'}
[punch-debug] emp=2220 day=27 ev=J2_out result_row_class=
[punch-debug] emp=2220 day=28 schedule=HORARIO NORMAL
[punch-debug] emp=2220 day=1 schedule=HORARIO NORMAL
[punch-debug] emp=2220 day=2 schedule=HORARIO NORMAL
[punch-debug] emp=2220 day=2 ev=J2_out ev_dt=2026-02-02 18:00:00 best_dt=2026-02-02 19:33:53 diff_s=5633.0 reason=after best_raw={'time': '19:33', 'device': 'HALL', 'dt': datetime.datetime(2026, 2, 2, 19, 33, 53), 'dt_norm': datetime.datetime(2026, 2, 2, 19, 33, 53), 'matched_event': 'J2_out', 'matched_event_dt': datetime.datetime(2026, 2, 2, 18, 0), 'assigned': True, 'match_reason': 'after'}
[punch-debug] emp=2220 day=2 ev=J2_out result_row_class=
[punch-debug] emp=2220 day=3 schedule=HORARIO NORMAL
[punch-debug] emp=2220 day=3 ev=J2_out ev_dt=2026-02-03 18:00:00 best_dt=2026-02-03 20:35:40 diff_s=9340.0 reason=after,far best_raw={'time': '20:35', 'device': '08 Garita', 'dt': datetime.datetime(2026, 2, 3, 20, 35, 40), 'dt_norm': datetime.datetime(2026, 2, 3, 20, 35, 40), 'matched_event': 'J2_out', 'matched_event_dt': datetime.datetime(2026, 2, 3, 18, 0), 'assigned': True, 'match_reason': 'after,far'}
[punch-debug] emp=2220 day=3 ev=J2_out result_row_class=
[punch-debug] emp=2220 day=4 schedule=HORARIO NORMAL
[punch-debug] emp=2220 day=4 ev=J2_out ev_dt=2026-02-04 18:00:00 best_dt=2026-02-04 18:08:34 diff_s=514.0 reason=after best_raw={'time': '18:08', 'device': 'HALL', 'dt': datetime.datetime(2026, 2, 4, 18, 8, 34), 'dt_norm': datetime.datetime(2026, 2, 4, 18, 8, 34), 'matched_event': 'J2_out', 'matched_event_dt': datetime.datetime(2026, 2, 4, 18, 0), 'assigned': True, 'match_reason': 'after'}
[punch-debug] emp=2220 day=4 ev=J2_out result_row_class=
[punch-debug] emp=2220 day=5 schedule=HORARIO NORMAL
[punch-debug] emp=2220 day=5 ev=J1_out ev_dt=2026-02-05 13:00:00 best_dt=2026-02-05 13:16:32 diff_s=992.0 reason=after best_raw={'time': '13:16', 'device': 'HALL', 'dt': datetime.datetime(2026, 2, 5, 13, 16, 32), 'dt_norm': datetime.datetime(2026, 2, 5, 13, 16, 32), 'matched_event': 'J1_out', 'matched_event_dt': datetime.datetime(2026, 2, 5, 13, 0), 'assigned': True, 'match_reason': 'after'}
[punch-debug] emp=2220 day=5 ev=J1_out result_row_class=
[punch-debug] emp=2220 day=5 ev=J2_in ev_dt=2026-02-05 15:00:00 best_dt=2026-02-05 15:09:32 diff_s=572.0 reason=after best_raw={'time': '15:09', 'device': 'HALL', 'dt': datetime.datetime(2026, 2, 5, 15, 9, 32), 'dt_norm': datetime.datetime(2026, 2, 5, 15, 9, 32), 'matched_event': 'J2_in', 'matched_event_dt': datetime.datetime(2026, 2, 5, 15, 0), 'assigned': True, 'match_reason': 'after'}
[punch-debug] emp=2220 day=5 ev=J2_in result_row_class=late
[punch-debug] emp=2220 day=5 ev=J2_out ev_dt=2026-02-05 18:00:00 best_dt=2026-02-05 19:21:44 diff_s=4904.0 reason=after best_raw={'time': '19:21', 'device': 'HALL', 'dt': datetime.datetime(2026, 2, 5, 19, 21, 44), 'dt_norm': datetime.datetime(2026, 2, 5, 19, 21, 44), 'matched_event': 'J2_out', 'matched_event_dt': datetime.datetime(2026, 2, 5, 18, 0), 'assigned': True, 'match_reason': 'after'}
[punch-debug] emp=2220 day=5 ev=J2_out result_row_class=
[punch-debug] emp=2220 day=6 schedule=HORARIO NORMAL
[punch-debug] emp=2220 day=7 schedule=HORARIO NORMAL
[punch-debug] emp=2220 day=8 schedule=HORARIO NORMAL
[punch-debug] emp=2220 day=9 schedule=HORARIO NORMAL
[punch-debug] emp=2220 day=9 ev=J2_out ev_dt=2026-02-09 17:00:00 best_dt=2026-02-09 17:50:00 diff_s=3000.0 reason=after best_raw={'time': '17:50', 'device': 'HALL', 'dt': datetime.datetime(2026, 2, 9, 17, 50), 'dt_norm': datetime.datetime(2026, 2, 9, 17, 50), 'matched_event': 'J2_out', 'matched_event_dt': datetime.datetime(2026, 2, 9, 17, 0), 'assigned': True, 'match_reason': 'after'}
[punch-debug] emp=2220 day=9 ev=J2_out result_row_class=
[punch-debug] emp=2220 day=10 schedule=HORARIO NORMAL
[punch-debug] emp=2220 day=10 ev=J2_out ev_dt=2026-02-10 17:00:00 best_dt=2026-02-10 17:18:37 diff_s=1117.0 reason=after best_raw={'time': '17:18', 'device': 'HALL', 'dt': datetime.datetime(2026, 2, 10, 17, 18, 37), 'dt_norm': datetime.datetime(2026, 2, 10, 17, 18, 37), 'matched_event': 'J2_out', 'matched_event_dt': datetime.datetime(2026, 2, 10, 17, 0), 'assigned': True, 'match_reason': 'after'}
[punch-debug] emp=2220 day=10 ev=J2_out result_row_class=
[punch-debug] emp=2220 day=11 schedule=HORARIO NORMAL
[punch-debug] emp=2220 day=11 ev=J2_out ev_dt=2026-02-11 17:00:00 best_dt=2026-02-11 17:12:47 diff_s=767.0 reason=after best_raw={'time': '17:12', 'device': 'HALL', 'dt': datetime.datetime(2026, 2, 11, 17, 12, 47), 'dt_norm': datetime.datetime(2026, 2, 11, 17, 12, 47), 'matched_event': 'J2_out', 'matched_event_dt': datetime.datetime(2026, 2, 11, 17, 0), 'assigned': True, 'match_reason': 'after'}
[punch-debug] emp=2220 day=11 ev=J2_out result_row_class=
[punch-debug] emp=2220 day=12 schedule=HORARIO NORMAL
[punch-debug] emp=2220 day=12 ev=J2_out ev_dt=2026-02-12 17:00:00 best_dt=2026-02-12 18:42:34 diff_s=6154.0 reason=after best_raw={'time': '18:42', 'device': 'HALL', 'dt': datetime.datetime(2026, 2, 12, 18, 42, 34), 'dt_norm': datetime.datetime(2026, 2, 12, 18, 42, 34), 'matched_event': 'J2_out', 'matched_event_dt': datetime.datetime(2026, 2, 12, 17, 0), 'assigned': True, 'match_reason': 'after'}
[punch-debug] emp=2220 day=12 ev=J2_out result_row_class=
[punch-debug] emp=2220 day=13 schedule=HORARIO NORMAL
[punch-debug] emp=2220 day=13 ev=J2_out ev_dt=2026-02-13 17:00:00 best_dt=2026-02-13 19:51:25 diff_s=10285.0 reason=after,far best_raw={'time': '19:51', 'device': 'HALL', 'dt': datetime.datetime(2026, 2, 13, 19, 51, 25), 'dt_norm': datetime.datetime(2026, 2, 13, 19, 51, 25), 'matched_event': 'J2_out', 'matched_event_dt': datetime.datetime(2026, 2, 13, 17, 0), 'assigned': True, 'match_reason': 'after,far'}
[punch-debug] emp=2220 day=13 ev=J2_out result_row_class=
[punch-debug] emp=2220 day=14 schedule=HORARIO NORMAL
[punch-debug] emp=2220 day=15 schedule=HORARIO NORMAL
[punch-debug] emp=2220 day=16 schedule=HORARIO NORMAL
[punch-debug] emp=2220 day=17 schedule=HORARIO NORMAL
[punch-debug] emp=2220 day=18 schedule=HORARIO NORMAL
[punch-debug] emp=2220 day=18 ev=J2_out ev_dt=2026-02-18 17:00:00 best_dt=2026-02-18 17:03:18 diff_s=198.0 reason=after best_raw={'time': '17:03', 'device': 'Alcaldía e', 'dt': datetime.datetime(2026, 2, 18, 17, 3, 18), 'dt_norm': datetime.datetime(2026, 2, 18, 17, 3, 18), 'matched_event': 'J2_out', 'matched_event_dt': datetime.datetime(2026, 2, 18, 17, 0), 'assigned': True, 'match_reason': 'after'}
[punch-debug] emp=2220 day=18 ev=J2_out result_row_class=
[punch-debug] emp=2220 day=19 schedule=HORARIO NORMAL
[punch-debug] emp=2220 day=19 ev=J2_out ev_dt=2026-02-19 17:00:00 best_dt=2026-02-19 17:04:52 diff_s=292.0 reason=after best_raw={'time': '17:04', 'device': 'HALL', 'dt': datetime.datetime(2026, 2, 19, 17, 4, 52), 'dt_norm': datetime.datetime(2026, 2, 19, 17, 4, 52), 'matched_event': 'J2_out', 'matched_event_dt': datetime.datetime(2026, 2, 19, 17, 0), 'assigned': True, 'match_reason': 'after'}
[punch-debug] emp=2220 day=19 ev=J2_out result_row_class=
[punch-debug] emp=2220 day=20 schedule=HORARIO NORMAL
[punch-debug] emp=2220 day=20 ev=J2_out ev_dt=2026-02-20 17:00:00 best_dt=2026-02-20 17:05:45 diff_s=345.0 reason=after best_raw={'time': '17:05', 'device': 'Alcaldía e', 'dt': datetime.datetime(2026, 2, 20, 17, 5, 45), 'dt_norm': datetime.datetime(2026, 2, 20, 17, 5, 45), 'matched_event': 'J2_out', 'matched_event_dt': datetime.datetime(2026, 2, 20, 17, 0), 'assigned': True, 'match_reason': 'after'}
[punch-debug] emp=2220 day=20 ev=J2_out result_row_class=
[punch-debug] emp=2220 day=21 schedule=HORARIO NORMAL
[punch-debug] emp=2220 day=22 schedule=HORARIO NORMAL
[punch-debug] emp=2220 day=23 schedule=HORARIO NORMAL
[punch-debug] emp=2220 day=23 ev=J2_out ev_dt=2026-02-23 17:00:00 best_dt=2026-02-23 17:12:17 diff_s=737.0 reason=after best_raw={'time': '17:12', 'device': 'HALL', 'dt': datetime.datetime(2026, 2, 23, 17, 12, 17), 'dt_norm': datetime.datetime(2026, 2, 23, 17, 12, 17), 'matched_event': 'J2_out', 'matched_event_dt': datetime.datetime(2026, 2, 23, 17, 0), 'assigned': True, 'match_reason': 'after'}
[punch-debug] emp=2220 day=23 ev=J2_out result_row_class=
[punch-debug] emp=2220 day=24 schedule=HORARIO NORMAL
[punch-debug] emp=2220 day=24 ev=J2_out ev_dt=2026-02-24 17:00:00 best_dt=2026-02-24 17:09:07 diff_s=547.0 reason=after best_raw={'time': '17:09', 'device': 'HALL', 'dt': datetime.datetime(2026, 2, 24, 17, 9, 7), 'dt_norm': datetime.datetime(2026, 2, 24, 17, 9, 7), 'matched_event': 'J2_out', 'matched_event_dt': datetime.datetime(2026, 2, 24, 17, 0), 'assigned': True, 'match_reason': 'after'}
[punch-debug] emp=2220 day=24 ev=J2_out result_row_class=
[punch-debug] emp=2220 day=25 schedule=HORARIO NORMAL
[punch-debug] emp=2220 day=25 ev=J2_out ev_dt=2026-02-25 17:00:00 best_dt=2026-02-25 17:07:57 diff_s=477.0 reason=after best_raw={'time': '17:07', 'device': 'HALL', 'dt': datetime.datetime(2026, 2, 25, 17, 7, 57), 'dt_norm': datetime.datetime(2026, 2, 25, 17, 7, 57), 'matched_event': 'J2_out', 'matched_event_dt': datetime.datetime(2026, 2, 25, 17, 0), 'assigned': True, 'match_reason': 'after'}
[punch-debug] emp=2220 day=25 ev=J2_out result_row_class=
[punch-debug] emp=2220 day=26 schedule=HORARIO NORMAL
[punch-debug] emp=2220 day=27 schedule=HORARIO NORMAL
[punch-debug] emp=2220 day=27 ev=J2_out ev_dt=2026-02-27 17:00:00 best_dt=2026-02-27 17:08:59 diff_s=539.0 reason=after best_raw={'time': '17:08', 'device': 'HALL', 'dt': datetime.datetime(2026, 2, 27, 17, 8, 59), 'dt_norm': datetime.datetime(2026, 2, 27, 17, 8, 59), 'matched_event': 'J2_out', 'matched_event_dt': datetime.datetime(2026, 2, 27, 17, 0), 'assigned': True, 'match_reason': 'after'}
[punch-debug] emp=2220 day=27 ev=J2_out result_row_class=
[punch-debug] emp=2220 day=28 schedule=HORARIO NORMAL
